// Jest Snapshot v1, https://goo.gl/fbAQLP

exports[`Pruebas en el componente <SearchScreen /> Debe de mostrar a batman y el input con el valor del queryString 1`] = `
Array [
  <h1>
    Search Screen
  </h1>,
  <hr />,
  <div
    className="row"
  >
    <div
      className="col-5"
    >
      <form
        onSubmit={[Function]}
      >
        <input
          autoComplete="off"
          className="form-control"
          name="description"
          onChange={[Function]}
          placeholder="Find your hero"
          required={true}
          type="text"
          value="batman"
        />
        <div
          className="d-grid gap-2"
        >
          <button
            className="btn m-1 btn-outline-primary btn-block"
            type="submit"
          >
            Search
          </button>
        </div>
      </form>
    </div>
    <div
      className="col-7"
    >
      <h4>
        Results
      </h4>
      <hr />
      <div
        className="card ms-3"
        style={
          Object {
            "maxWidth": 340,
          }
        }
      >
        <div
          className="row no-gutters"
        >
          <div
            className="col-md-4"
          >
            <img
              alt="Batman"
              className="card-img"
              src="./assets/heroes/dc-batman.jpg"
            />
          </div>
          <div
            className="col-md-8"
          >
            <div
              className="card-body"
            >
              <div
                className="card-title"
              >
                Batman
              </div>
              <p
                className="card-text"
              >
                Bruce Wayne
              </p>
              <p
                className="card-text"
              >
                <small
                  className="text-muted"
                >
                  Detective Comics #27
                </small>
              </p>
              <a
                href="/heroe/dc-batman"
                onClick={[Function]}
              >
                MÃ¡s...
              </a>
            </div>
          </div>
        </div>
      </div>
    </div>
  </div>,
]
`;

exports[`Pruebas en el componente <SearchScreen /> Debe de mostrar un error si no se muestra el hero 1`] = `
Array [
  <h1>
    Search Screen
  </h1>,
  <hr />,
  <div
    className="row"
  >
    <div
      className="col-5"
    >
      <form
        onSubmit={[Function]}
      >
        <input
          autoComplete="off"
          className="form-control"
          name="description"
          onChange={[Function]}
          placeholder="Find your hero"
          required={true}
          type="text"
          value="batman1235"
        />
        <div
          className="d-grid gap-2"
        >
          <button
            className="btn m-1 btn-outline-primary btn-block"
            type="submit"
          >
            Search
          </button>
        </div>
      </form>
    </div>
    <div
      className="col-7"
    >
      <h4>
        Results
      </h4>
      <hr />
      <div
        className="alert alert-danger"
      >
        There is no a hero with 
        <b>
          batman1235
        </b>
      </div>
    </div>
  </div>,
]
`;

exports[`Pruebas en el componente <SearchScreen /> Debe de mostrarse correctamente con valores por defecto 1`] = `
Array [
  <h1>
    Search Screen
  </h1>,
  <hr />,
  <div
    className="row"
  >
    <div
      className="col-5"
    >
      <form
        onSubmit={[Function]}
      >
        <input
          autoComplete="off"
          className="form-control"
          name="description"
          onChange={[Function]}
          placeholder="Find your hero"
          required={true}
          type="text"
          value=""
        />
        <div
          className="d-grid gap-2"
        >
          <button
            className="btn m-1 btn-outline-primary btn-block"
            type="submit"
          >
            Search
          </button>
        </div>
      </form>
    </div>
    <div
      className="col-7"
    >
      <h4>
        Results
      </h4>
      <hr />
      <div
        className="alert alert-info"
      >
        Search a hero
      </div>
    </div>
  </div>,
]
`;
